// Jest Snapshot v1, https://goo.gl/fbAQLP

exports[`renders correctly normal input 1`] = `
<div
  className="MuiPaper-root MUIDataTable-paper-4 undefined MuiPaper-elevation1 MuiPaper-rounded"
>
  <div
    aria-label="Table Toolbar"
    className="MuiToolbar-root MuiToolbar-regular MUIDataTableToolbar-root-15 MuiToolbar-gutters"
    role="toolbar"
  >
    <div
      className="MUIDataTableToolbar-left-17"
    >
      <div>
        <h1
          className="MuiTypography-root MuiTypography-h1"
        >
           
          My Teams
           
        </h1>
      </div>
    </div>
    <div
      className="MUIDataTableToolbar-actions-19"
    >
      <div />
    </div>
  </div>
  <div
    className="MUIDataTableFilterList-root-30"
  />
  <div
    className="MUIDataTable-responsiveBase-7"
    style={
      Object {
        "height": "auto",
        "position": "relative",
      }
    }
  >
    <table
      className="MuiTable-root MUIDataTable-tableRoot-6"
      role="grid"
      tabIndex="0"
    >
      <caption
        className="MUIDataTable-caption-13"
      >
        <div>
          <h1
            className="MuiTypography-root MuiTypography-h1"
          >
             
            My Teams
             
          </h1>
        </div>
      </caption>
      <thead
        className="MuiTableHead-root MUIDataTableHead-main-32"
        role={null}
      >
        <tr
          className="MuiTableRow-root MUIDataTableHeadRow-root-36 MuiTableRow-head"
          role={null}
        >
          <th
            aria-sort={null}
            className="MuiTableCell-root MuiTableCell-head MUIDataTableHeadCell-root-48 MUIDataTableHeadCell-fixedHeader-49"
            data-colindex={1}
            onMouseDown={[Function]}
            scope="col"
          >
            <span
              className="MUIDataTableHeadCell-toolButton-57"
              data-testid="headcol-1"
              onClick={[Function]}
              onKeyUp={[Function]}
              role="button"
              tabIndex={0}
            >
              <div
                aria-describedby={null}
                className="MUIDataTableHeadCell-sortAction-53"
                onBlur={[Function]}
                onFocus={[Function]}
                onMouseLeave={[Function]}
                onMouseOver={[Function]}
                onTouchEnd={[Function]}
                onTouchStart={[Function]}
                title="Sort"
              >
                <div
                  className="MUIDataTableHeadCell-data-52"
                >
                  Name
                </div>
                <div
                  className="MUIDataTableHeadCell-sortAction-53"
                >
                  <span
                    aria-disabled={false}
                    className="MuiButtonBase-root MuiTableSortLabel-root MUIDataTableHeadCell-sortLabelRoot-55"
                    onBlur={[Function]}
                    onDragLeave={[Function]}
                    onFocus={[Function]}
                    onKeyDown={[Function]}
                    onKeyUp={[Function]}
                    onMouseDown={[Function]}
                    onMouseLeave={[Function]}
                    onMouseUp={[Function]}
                    onTouchEnd={[Function]}
                    onTouchMove={[Function]}
                    onTouchStart={[Function]}
                    role="button"
                    tabIndex={0}
                  />
                </div>
              </div>
            </span>
          </th>
          <th
            aria-sort={null}
            className="MuiTableCell-root MuiTableCell-head MUIDataTableHeadCell-root-48 MUIDataTableHeadCell-fixedHeader-49"
            data-colindex={2}
            onMouseDown={[Function]}
            scope="col"
          >
            <span
              className="MUIDataTableHeadCell-toolButton-57"
              data-testid="headcol-2"
              onClick={[Function]}
              onKeyUp={[Function]}
              role="button"
              tabIndex={0}
            >
              <div
                aria-describedby={null}
                className="MUIDataTableHeadCell-sortAction-53"
                onBlur={[Function]}
                onFocus={[Function]}
                onMouseLeave={[Function]}
                onMouseOver={[Function]}
                onTouchEnd={[Function]}
                onTouchStart={[Function]}
                title="Sort"
              >
                <div
                  className="MUIDataTableHeadCell-data-52"
                >
                  Age
                </div>
                <div
                  className="MUIDataTableHeadCell-sortAction-53"
                >
                  <span
                    aria-disabled={false}
                    className="MuiButtonBase-root MuiTableSortLabel-root MUIDataTableHeadCell-sortLabelRoot-55"
                    onBlur={[Function]}
                    onDragLeave={[Function]}
                    onFocus={[Function]}
                    onKeyDown={[Function]}
                    onKeyUp={[Function]}
                    onMouseDown={[Function]}
                    onMouseLeave={[Function]}
                    onMouseUp={[Function]}
                    onTouchEnd={[Function]}
                    onTouchMove={[Function]}
                    onTouchStart={[Function]}
                    role="button"
                    tabIndex={0}
                  />
                </div>
              </div>
            </span>
          </th>
        </tr>
      </thead>
      <tbody
        className="MuiTableBody-root"
        role={null}
      >
        <tr
          className="MuiTableRow-root Table-tableRow-1"
          role={null}
        >
          <td
            aria-sort={null}
            className="MuiTableCell-root MuiTableCell-body"
          >
            <h6
              className="MuiTypography-root MuiTypography-subtitle2"
            >
              Jose
            </h6>
          </td>
          <td
            aria-sort={null}
            className="MuiTableCell-root MuiTableCell-body"
          >
            <div
              className="MuiBox-root MuiBox-root-64"
            >
              <div
                className="MuiBox-root MuiBox-root-65"
              >
                <span
                  className="MuiTypography-root MuiTypography-subtitle2"
                >
                  25
                </span>
              </div>
              <div
                className="MuiBox-root MuiBox-root-66 Table-actions-2"
              >
                <svg
                  aria-describedby={null}
                  aria-hidden={true}
                  aria-label="delete"
                  className="MuiSvgIcon-root"
                  focusable="false"
                  onBlur={[Function]}
                  onClick={[Function]}
                  onFocus={[Function]}
                  onMouseLeave={[Function]}
                  onMouseOver={[Function]}
                  onTouchEnd={[Function]}
                  onTouchStart={[Function]}
                  title="Delete"
                  viewBox="0 0 24 24"
                >
                  <path
                    d="M6 19c0 1.1.9 2 2 2h8c1.1 0 2-.9 2-2V7H6v12zM19 4h-3.5l-1-1h-5l-1 1H5v2h14V4z"
                  />
                </svg>
                <svg
                  aria-describedby={null}
                  aria-hidden={true}
                  aria-label="Edit"
                  className="MuiSvgIcon-root"
                  focusable="false"
                  onBlur={[Function]}
                  onFocus={[Function]}
                  onMouseLeave={[Function]}
                  onMouseOver={[Function]}
                  onTouchEnd={[Function]}
                  onTouchStart={[Function]}
                  title="Edit"
                  viewBox="0 0 24 24"
                >
                  <path
                    d="M3 17.25V21h3.75L17.81 9.94l-3.75-3.75L3 17.25zM20.71 7.04c.39-.39.39-1.02 0-1.41l-2.34-2.34a.9959.9959 0 00-1.41 0l-1.83 1.83 3.75 3.75 1.83-1.83z"
                  />
                </svg>
              </div>
            </div>
          </td>
        </tr>
        <tr
          className="MuiTableRow-root Table-tableRow-1"
          role={null}
        >
          <td
            aria-sort={null}
            className="MuiTableCell-root MuiTableCell-body"
          >
            <h6
              className="MuiTypography-root MuiTypography-subtitle2"
            >
              Marcos
            </h6>
          </td>
          <td
            aria-sort={null}
            className="MuiTableCell-root MuiTableCell-body"
          >
            <div
              className="MuiBox-root MuiBox-root-67"
            >
              <div
                className="MuiBox-root MuiBox-root-68"
              >
                <span
                  className="MuiTypography-root MuiTypography-subtitle2"
                >
                  14
                </span>
              </div>
              <div
                className="MuiBox-root MuiBox-root-69 Table-actions-2"
              >
                <svg
                  aria-describedby={null}
                  aria-hidden={true}
                  aria-label="delete"
                  className="MuiSvgIcon-root"
                  focusable="false"
                  onBlur={[Function]}
                  onClick={[Function]}
                  onFocus={[Function]}
                  onMouseLeave={[Function]}
                  onMouseOver={[Function]}
                  onTouchEnd={[Function]}
                  onTouchStart={[Function]}
                  title="Delete"
                  viewBox="0 0 24 24"
                >
                  <path
                    d="M6 19c0 1.1.9 2 2 2h8c1.1 0 2-.9 2-2V7H6v12zM19 4h-3.5l-1-1h-5l-1 1H5v2h14V4z"
                  />
                </svg>
                <svg
                  aria-describedby={null}
                  aria-hidden={true}
                  aria-label="Edit"
                  className="MuiSvgIcon-root"
                  focusable="false"
                  onBlur={[Function]}
                  onFocus={[Function]}
                  onMouseLeave={[Function]}
                  onMouseOver={[Function]}
                  onTouchEnd={[Function]}
                  onTouchStart={[Function]}
                  title="Edit"
                  viewBox="0 0 24 24"
                >
                  <path
                    d="M3 17.25V21h3.75L17.81 9.94l-3.75-3.75L3 17.25zM20.71 7.04c.39-.39.39-1.02 0-1.41l-2.34-2.34a.9959.9959 0 00-1.41 0l-1.83 1.83 3.75 3.75 1.83-1.83z"
                  />
                </svg>
              </div>
            </div>
          </td>
        </tr>
        <tr
          className="MuiTableRow-root Table-tableRow-1"
          role={null}
        >
          <td
            aria-sort={null}
            className="MuiTableCell-root MuiTableCell-body"
          >
            <h6
              className="MuiTypography-root MuiTypography-subtitle2"
            >
              Luis
            </h6>
          </td>
          <td
            aria-sort={null}
            className="MuiTableCell-root MuiTableCell-body"
          >
            <div
              className="MuiBox-root MuiBox-root-70"
            >
              <div
                className="MuiBox-root MuiBox-root-71"
              >
                <span
                  className="MuiTypography-root MuiTypography-subtitle2"
                >
                  83
                </span>
              </div>
              <div
                className="MuiBox-root MuiBox-root-72 Table-actions-2"
              >
                <svg
                  aria-describedby={null}
                  aria-hidden={true}
                  aria-label="delete"
                  className="MuiSvgIcon-root"
                  focusable="false"
                  onBlur={[Function]}
                  onClick={[Function]}
                  onFocus={[Function]}
                  onMouseLeave={[Function]}
                  onMouseOver={[Function]}
                  onTouchEnd={[Function]}
                  onTouchStart={[Function]}
                  title="Delete"
                  viewBox="0 0 24 24"
                >
                  <path
                    d="M6 19c0 1.1.9 2 2 2h8c1.1 0 2-.9 2-2V7H6v12zM19 4h-3.5l-1-1h-5l-1 1H5v2h14V4z"
                  />
                </svg>
                <svg
                  aria-describedby={null}
                  aria-hidden={true}
                  aria-label="Edit"
                  className="MuiSvgIcon-root"
                  focusable="false"
                  onBlur={[Function]}
                  onFocus={[Function]}
                  onMouseLeave={[Function]}
                  onMouseOver={[Function]}
                  onTouchEnd={[Function]}
                  onTouchStart={[Function]}
                  title="Edit"
                  viewBox="0 0 24 24"
                >
                  <path
                    d="M3 17.25V21h3.75L17.81 9.94l-3.75-3.75L3 17.25zM20.71 7.04c.39-.39.39-1.02 0-1.41l-2.34-2.34a.9959.9959 0 00-1.41 0l-1.83 1.83 3.75 3.75 1.83-1.83z"
                  />
                </svg>
              </div>
            </div>
          </td>
        </tr>
      </tbody>
    </table>
  </div>
  <div
    aria-live="polite"
    className="MUIDataTable-liveAnnounce-14"
  />
</div>
`;
